2026-04-17 14:15:28 - [INFO] - Начинается скачивание через YT-DLP. Файл Тестируем
2026-04-17 21:11:55 - [INFO] - Начинается скачивание через FFMPEG. Файл 1
2026-04-17 21:18:30 - [INFO] - Начинается скачивание через FFMPEG. Файл 1
2026-04-17 21:30:26 - [INFO] - Начинается скачивание через FFMPEG. Файл 1
2026-04-17 21:43:25 - [INFO] - Начинается скачивание через FFMPEG. Файл 1
2026-04-17 21:45:57 - [INFO] - Начинается скачивание через FFMPEG. Файл 1
2026-04-17 21:48:28 - [INFO] - Начинается скачивание через FFMPEG. Файл 1
2026-04-18 11:22:14 - [INFO] - Начинается скачивание через YT-DLP. Файл OPL2 Men - Hamilton United vs The Borough FC
2026-04-18 11:24:11 - [ERROR] - Скачивание преравно из-за ошибки 'VideoTask' object has no attribute 'update_total_bytes'
Traceback (most recent call last):
  File "c:\Users\DreFromDream\Python\Test.py", line 222, in download_via_yt_dlp
    self.update_total_bytes(file_size)
    ^^^^^^^^^^^^^^^^^^^^^^^
AttributeError: 'VideoTask' object has no attribute 'update_total_bytes'
2026-04-18 15:07:06 - [INFO] - Начинается скачивание через YT-DLP. Файл 1
2026-04-18 15:10:14 - [INFO] - Начинается скачивание через YT-DLP. Файл 1
2026-04-18 15:12:40 - [INFO] - Начинается скачивание через YT-DLP. Файл 1
2026-04-18 15:14:34 - [INFO] - Начинается скачивание через YT-DLP. Файл 1
2026-04-18 15:15:59 - [INFO] - Начинается скачивание через YT-DLP. Файл 1
2026-04-18 15:16:59 - [INFO] - Начинается скачивание через FFMPEG. Файл 1
2026-04-18 15:22:33 - [INFO] - Начинается скачивание через YT-DLP. Файл 1
2026-04-18 15:23:17 - [INFO] - Начинается скачивание через YT-DLP. Файл 1
2026-04-18 15:23:36 - [INFO] - Начинается скачивание через FFMPEG. Файл 1
2026-04-18 15:24:28 - [INFO] - Начинается скачивание через FFMPEG. Файл 1
2026-04-18 15:25:20 - [INFO] - Начинается скачивание через FFMPEG. Файл 1
2026-04-18 15:41:58 - [INFO] - Начинается скачивание через YT-DLP. Файл 1
2026-04-18 15:44:08 - [INFO] - Начинается скачивание через YT-DLP. Файл 1
2026-04-18 15:48:11 - [INFO] - Начинается скачивание через YT-DLP. Файл 1
2026-04-18 15:49:05 - [INFO] - Начинается скачивание через YT-DLP. Файл 1
2026-04-18 15:59:43 - [INFO] - Начинается скачивание через YT-DLP. Файл 1
2026-04-18 16:01:24 - [INFO] - Начинается скачивание через YT-DLP. Файл 1
2026-04-18 16:07:51 - [INFO] - Начинается скачивание через FFMPEG. Файл 1
2026-04-18 16:15:12 - [INFO] - Начинается скачивание через YT-DLP. Файл 1
2026-04-18 16:15:19 - [INFO] - Успешно завершено полностью
2026-04-18 16:15:19 - [INFO] - Успешно скачано
2026-04-18 16:29:26 - [INFO] - Начинается скачивание через YT-DLP. Файл 1
2026-04-18 16:38:30 - [INFO] - Начинается скачивание через YT-DLP. Файл 1
2026-04-18 16:43:39 - [INFO] - Начинается скачивание через YT-DLP. Файл 1
2026-04-18 16:44:22 - [INFO] - Начинается скачивание через YT-DLP. Файл 1
2026-04-18 16:45:24 - [INFO] - Начинается скачивание через YT-DLP. Файл 1
2026-04-18 16:47:00 - [INFO] - Начинается скачивание через YT-DLP. Файл 1
2026-04-18 16:48:19 - [INFO] - Начинается скачивание через YT-DLP. Файл 1
2026-04-18 17:05:13 - [INFO] - Начинается скачивание через YT-DLP. Файл 368a8d68-211f-4631-82e0-462fe5470519
2026-04-18 17:10:47 - [INFO] - Начинается скачивание через YT-DLP. Файл 1
2026-04-18 17:11:11 - [INFO] - Начинается скачивание через YT-DLP. Файл 1
2026-04-18 17:40:41 - [INFO] - Начинается скачивание через FFMPEG. Файл 1
2026-04-18 17:43:10 - [INFO] - Начинается скачивание через FFMPEG. Файл 1
2026-04-18 17:43:36 - [INFO] - Начинается скачивание через FFMPEG. Файл 1
2026-04-18 21:21:18 - [INFO] - Начинается скачивание через YT-DLP. Файл 0faaea18-a883-4ded-9669-aaf27bbf5099
2026-04-19 09:20:39 - [INFO] - Начинается скачивание через YT-DLP. Файл b35db252-1406-41cb-9e33-5592c1d9140c
2026-04-19 09:30:09 - [INFO] - Начинается скачивание через YT-DLP. Файл 6b5b0fd7-a972-4c44-962c-d0df98929622
2026-04-19 09:37:36 - [INFO] - Начинается скачивание через YT-DLP. Файл 217da99a-e7ee-4850-b243-e090fac32317
2026-04-19 09:42:36 - [INFO] - Начинается скачивание через YT-DLP. Файл 250166de-4a88-4a4d-95cb-398e3956326a
2026-04-19 13:53:28 - [INFO] - Начинается скачивание через YT-DLP. Файл b8fb0942-74bc-4a8a-a893-a1af5b4d8bb4
2026-04-19 20:56:06 - [INFO] - Начинается скачивание через YT-DLP. Файл 3ff9f516-3677-46b4-a7c3-6eb9e34df436
2026-04-20 09:37:06 - [INFO] - Начинается скачивание через YT-DLP. Файл OPL1 Women's Division - Waterloo United vs Guelph United
2026-04-20 09:39:35 - [INFO] - Начинается скачивание через YT-DLP. Файл OPL2 Men's Division - Cambridge United vs Inter Toronto II
2026-04-20 09:47:01 - [INFO] - Начинается скачивание через YT-DLP. Файл OPL1 Men's Division - North Toronto Nitros vs Oakville SC
2026-04-20 10:00:00 - [INFO] - Начинается скачивание через YT-DLP. Файл OPL1 Women's Division - FC London vs Woodbridge Strikers
2026-04-20 11:14:56 - [INFO] - Начинается скачивание через YT-DLP. Файл 8b788d74-4aca-4aa8-93a7-f25b055d720b
2026-04-20 22:17:07 - [INFO] - Начинается скачивание через YT-DLP. Файл 11
2026-04-20 22:17:07 - [INFO] - Начинается скачивание через YT-DLP. Файл 22
2026-04-20 22:25:15 - [INFO] - Начинается скачивание через YT-DLP. Файл 1
2026-04-20 22:25:15 - [INFO] - Начинается скачивание через YT-DLP. Файл 2
2026-04-20 22:39:11 - [INFO] - Начинается скачивание через YT-DLP. Файл 1
2026-04-20 22:39:11 - [INFO] - Начинается скачивание через YT-DLP. Файл 2
2026-04-20 22:49:05 - [INFO] - Начинается скачивание через YT-DLP. Файл 1
2026-04-20 22:49:05 - [INFO] - Начинается скачивание через YT-DLP. Файл 2
2026-04-20 22:49:23 - [INFO] - Начинается скачивание через YT-DLP. Файл 1
2026-04-20 22:50:41 - [INFO] - Начинается скачивание через YT-DLP. Файл 1
2026-04-20 22:50:41 - [INFO] - Начинается скачивание через YT-DLP. Файл 2
2026-04-20 23:03:13 - [WARNING] - Скачивание видео отменено до начала загрузки
2026-04-20 23:03:13 - [WARNING] - Скачивание видео отменено до начала загрузки
2026-04-20 23:03:28 - [WARNING] - Скачивание видео отменено до начала загрузки
2026-04-20 23:03:28 - [WARNING] - Скачивание видео отменено до начала загрузки
2026-04-20 23:03:56 - [WARNING] - Скачивание видео отменено до начала загрузки
2026-04-20 23:04:17 - [INFO] - Начинается скачивание через YT-DLP. Файл 1
2026-04-20 23:14:37 - [INFO] - Начинается скачивание через YT-DLP. Файл 1
2026-04-20 23:14:37 - [INFO] - Начинается скачивание через YT-DLP. Файл 2
2026-04-21 13:41:48 - [INFO] - Начинается скачивание через YT-DLP. Файл 1
2026-04-21 13:41:48 - [INFO] - Начинается скачивание через YT-DLP. Файл 2
2026-04-21 13:57:40 - [INFO] - Начинается скачивание через YT-DLP. Файл 1
2026-04-21 13:57:40 - [INFO] - Начинается скачивание через YT-DLP. Файл 2
2026-04-21 13:58:31 - [INFO] - Начинается скачивание через YT-DLP. Файл 12
2026-04-21 13:58:31 - [INFO] - Начинается скачивание через YT-DLP. Файл 22
2026-04-21 13:59:23 - [INFO] - Начинается скачивание через YT-DLP. Файл 1
2026-04-21 13:59:29 - [INFO] - Начинается скачивание через YT-DLP. Файл 2
2026-04-21 14:05:48 - [INFO] - Начинается скачивание через YT-DLP. Файл 1
2026-04-21 14:05:53 - [WARNING] - Скачивание видео отменено до начала загрузки
2026-04-21 14:05:53 - [WARNING] - Скачивание видео отменено до начала загрузки
2026-04-21 14:12:53 - [INFO] - Начинается скачивание через YT-DLP. Файл 1
2026-04-21 14:12:53 - [INFO] - Начинается скачивание через YT-DLP. Файл 2
2026-04-21 14:19:06 - [INFO] - Начинается скачивание через YT-DLP. Файл 1
2026-04-21 14:19:06 - [INFO] - Начинается скачивание через YT-DLP. Файл 2
2026-04-21 14:20:41 - [INFO] - Начинается скачивание через YT-DLP. Файл 1
2026-04-21 14:20:41 - [INFO] - Начинается скачивание через YT-DLP. Файл 2
2026-04-21 15:01:55 - [INFO] - Начинается скачивание через YT-DLP. Файл 1
2026-04-21 15:01:55 - [INFO] - Начинается скачивание через YT-DLP. Файл 2
2026-04-21 15:02:31 - [INFO] - Начинается скачивание через YT-DLP. Файл 12
2026-04-21 15:02:31 - [INFO] - Начинается скачивание через YT-DLP. Файл 22
2026-04-21 15:16:37 - [INFO] - Начинается скачивание через YT-DLP. Файл 02dcfe82-b4a9-4127-8f97-74a3bc173acd
2026-04-21 17:41:00 - [INFO] - Начинается скачивание через YT-DLP. Файл Al-Jeel Club vs Al-Sharq Club
2026-04-21 17:41:00 - [INFO] - Начинается скачивание через YT-DLP. Файл Al-Rawdah Club vs Al-Taraji
2026-04-21 18:10:24 - [INFO] - Начинается скачивание через YT-DLP. Файл 7a89034f-0493-4ec9-a466-df7ad4ed29f1
2026-04-22 09:52:42 - [INFO] - Начинается скачивание через YT-DLP. Файл 4713f925-051f-49c2-9d4c-6bed02ff0a4e
2026-04-22 09:54:10 - [INFO] - Начинается скачивание через YT-DLP. Файл 4713f925-051f-49c2-9d4c-6bed02ff0a4e
2026-04-24 21:32:31 - [INFO] - Начинается скачивание через YT-DLP. Файл 
2026-04-24 21:32:32 - [INFO] - Начинается скачивание через YT-DLP. Файл 
2026-04-24 21:35:50 - [INFO] - Начинается скачивание через YT-DLP. Файл 
2026-04-24 21:37:28 - [INFO] - Начинается скачивание через YT-DLP. Файл 
2026-04-24 21:39:12 - [INFO] - Начинается скачивание через YT-DLP. Файл 
2026-04-24 21:42:16 - [INFO] - Начинается скачивание через YT-DLP. Файл 
2026-04-24 21:42:51 - [INFO] - Начинается скачивание через YT-DLP. Файл 
2026-04-24 21:43:03 - [INFO] - Начинается скачивание через YT-DLP. Файл 1
2026-04-24 21:43:35 - [INFO] - Начинается скачивание через YT-DLP. Файл 1
2026-04-24 21:52:32 - [INFO] - Начинается скачивание через YT-DLP. Файл 1
2026-04-24 21:55:28 - [INFO] - Начинается скачивание через YT-DLP. Файл 1
2026-04-24 21:58:28 - [INFO] - Начинается скачивание через YT-DLP. Файл 1
2026-04-24 22:02:34 - [INFO] - Начинается скачивание через YT-DLP. Файл 1
2026-04-24 22:03:17 - [INFO] - Начинается скачивание через YT-DLP. Файл 
2026-04-26 11:52:26 - [INFO] - Начинается скачивание через YT-DLP. Файл Vancouver Whitecaps FC Academy vs Burnaby FC
2026-04-26 11:54:43 - [INFO] - Начинается скачивание через YT-DLP. Файл RHSC v Scrosoppi FC
2026-04-26 11:58:03 - [INFO] - Начинается скачивание через YT-DLP. Файл 
2026-04-26 11:58:04 - [INFO] - Начинается скачивание через YT-DLP. Файл 
2026-04-26 11:58:05 - [INFO] - Начинается скачивание через YT-DLP. Файл 
2026-04-26 11:58:06 - [INFO] - Начинается скачивание через YT-DLP. Файл 
2026-04-26 11:58:30 - [INFO] - Начинается скачивание через YT-DLP. Файл North Toronto Nitros vs Vaughan Azzurri
2026-04-26 11:58:33 - [INFO] - Начинается скачивание через YT-DLP. Файл OPL3 Men's Division – RHSC VS Masters FA
2026-04-26 12:02:21 - [INFO] - Начинается скачивание через YT-DLP. Файл Simcoe County Rovers FC vs Sigma FC
2026-04-26 12:02:22 - [INFO] - Начинается скачивание через YT-DLP. Файл Whitby FC vs Oakville SC
2026-04-26 14:11:09 - [INFO] - Начинается скачивание через YT-DLP. Файл 1
2026-04-26 14:30:05 - [INFO] - Начинается скачивание через YT-DLP. Файл 1
2026-04-26 14:33:54 - [INFO] - Начинается скачивание через YT-DLP. Файл 1
2026-04-26 14:44:57 - [INFO] - Начинается скачивание через YT-DLP. Файл 1
2026-04-26 14:52:03 - [INFO] - Начинается скачивание через YT-DLP. Файл 1
2026-04-26 14:54:12 - [INFO] - Начинается скачивание через YT-DLP. Файл 1
2026-04-26 14:56:40 - [INFO] - Начинается скачивание через YT-DLP. Файл 1
2026-04-26 14:57:48 - [INFO] - Начинается скачивание через YT-DLP. Файл 1
2026-04-26 15:00:28 - [INFO] - Начинается скачивание через YT-DLP. Файл 1
2026-04-26 15:00:51 - [INFO] - Начинается скачивание через YT-DLP. Файл 1
2026-04-26 15:03:02 - [INFO] - Начинается скачивание через YT-DLP. Файл 1
2026-04-26 15:06:03 - [INFO] - Начинается скачивание через YT-DLP. Файл 1
2026-04-26 15:06:59 - [INFO] - Начинается скачивание через YT-DLP. Файл 1
2026-04-26 15:07:02 - [WARNING] - Скачивание видео отменено до начала загрузки
2026-04-26 15:11:36 - [INFO] - Начинается скачивание через YT-DLP. Файл 1
2026-04-26 15:11:36 - [INFO] - Начинается скачивание через YT-DLP. Файл 2
2026-04-26 15:11:52 - [WARNING] - Скачивание видео отменено до начала загрузки
2026-04-26 15:11:52 - [WARNING] - Скачивание видео отменено до начала загрузки
2026-04-26 15:12:05 - [WARNING] - Скачивание видео отменено до начала загрузки
2026-04-26 15:12:05 - [WARNING] - Скачивание видео отменено до начала загрузки
2026-04-26 15:12:05 - [WARNING] - Скачивание видео отменено до начала загрузки
2026-04-26 15:12:05 - [WARNING] - Скачивание видео отменено до начала загрузки
2026-04-26 15:12:05 - [WARNING] - Скачивание видео отменено до начала загрузки
2026-04-26 15:12:05 - [WARNING] - Скачивание видео отменено до начала загрузки
2026-04-26 15:12:06 - [WARNING] - Скачивание видео отменено до начала загрузки
2026-04-26 15:12:06 - [WARNING] - Скачивание видео отменено до начала загрузки
2026-04-26 15:12:06 - [WARNING] - Скачивание видео отменено до начала загрузки
2026-04-26 15:12:06 - [WARNING] - Скачивание видео отменено до начала загрузки
2026-04-26 15:12:06 - [WARNING] - Скачивание видео отменено до начала загрузки
2026-04-26 15:12:06 - [WARNING] - Скачивание видео отменено до начала загрузки
2026-04-26 15:12:06 - [WARNING] - Скачивание видео отменено до начала загрузки
2026-04-26 15:12:06 - [WARNING] - Скачивание видео отменено до начала загрузки
2026-04-26 15:12:06 - [WARNING] - Скачивание видео отменено до начала загрузки
2026-04-26 15:12:06 - [WARNING] - Скачивание видео отменено до начала загрузки
2026-04-26 15:12:06 - [WARNING] - Скачивание видео отменено до начала загрузки
2026-04-26 15:12:06 - [WARNING] - Скачивание видео отменено до начала загрузки
2026-04-26 15:12:07 - [WARNING] - Скачивание видео отменено до начала загрузки
2026-04-26 15:12:07 - [WARNING] - Скачивание видео отменено до начала загрузки
2026-04-26 15:12:07 - [WARNING] - Скачивание видео отменено до начала загрузки
2026-04-26 15:12:07 - [WARNING] - Скачивание видео отменено до начала загрузки
2026-04-26 15:18:00 - [WARNING] - Скачивание видео отменено до начала загрузки
2026-04-26 15:18:00 - [WARNING] - Скачивание видео отменено до начала загрузки
2026-04-26 15:18:01 - [WARNING] - Скачивание видео отменено до начала загрузки
2026-04-26 15:18:01 - [WARNING] - Скачивание видео отменено до начала загрузки
2026-04-26 15:18:01 - [WARNING] - Скачивание видео отменено до начала загрузки
2026-04-26 15:18:01 - [WARNING] - Скачивание видео отменено до начала загрузки
2026-04-26 15:18:02 - [WARNING] - Скачивание видео отменено до начала загрузки
2026-04-26 15:18:02 - [WARNING] - Скачивание видео отменено до начала загрузки
2026-04-26 15:18:02 - [WARNING] - Скачивание видео отменено до начала загрузки
2026-04-26 15:18:02 - [WARNING] - Скачивание видео отменено до начала загрузки
2026-04-26 15:18:48 - [INFO] - Начинается скачивание через YT-DLP. Файл 1
2026-04-26 15:19:02 - [WARNING] - Скачивание видео отменено до начала загрузки
2026-04-26 15:19:28 - [INFO] - Начинается скачивание через YT-DLP. Файл 1
2026-04-26 15:19:33 - [WARNING] - Скачивание видео отменено до начала загрузки
2026-04-26 15:19:33 - [WARNING] - Скачивание видео отменено до начала загрузки
2026-04-26 15:20:34 - [INFO] - Начинается скачивание через YT-DLP. Файл 1
2026-04-26 15:20:42 - [WARNING] - Скачивание видео отменено до начала загрузки
2026-04-26 15:20:44 - [WARNING] - Скачивание видео отменено до начала загрузки
2026-04-26 15:20:44 - [WARNING] - Скачивание видео отменено до начала загрузки
2026-04-26 15:21:52 - [INFO] - Начинается скачивание через YT-DLP. Файл 1
2026-04-26 15:21:56 - [INFO] - Начинается скачивание через YT-DLP. Файл 2
2026-04-26 15:22:01 - [WARNING] - Скачивание видео отменено до начала загрузки
2026-04-26 15:22:01 - [WARNING] - Скачивание видео отменено до начала загрузки
2026-04-26 15:22:12 - [WARNING] - Скачивание видео отменено до начала загрузки
2026-04-26 15:22:12 - [WARNING] - Скачивание видео отменено до начала загрузки
2026-04-26 15:23:26 - [INFO] - Начинается скачивание через YT-DLP. Файл 1
2026-04-26 15:23:29 - [INFO] - Начинается скачивание через YT-DLP. Файл 2
2026-04-26 15:23:32 - [INFO] - Начинается скачивание через YT-DLP. Файл 1
2026-04-26 15:23:37 - [INFO] - Начинается скачивание через YT-DLP. Файл 2
2026-04-26 15:27:52 - [INFO] - Начинается скачивание через YT-DLP. Файл 1
2026-04-26 15:59:13 - [INFO] - Начинается скачивание через YT-DLP. Файл 1
2026-04-26 16:00:55 - [INFO] - Начинается скачивание через YT-DLP. Файл 1
2026-04-26 16:01:10 - [INFO] - Начинается скачивание через YT-DLP. Файл 1
2026-04-26 16:01:26 - [WARNING] - Скачивание видео отменено до начала загрузки
2026-04-26 16:05:12 - [INFO] - Начинается скачивание через YT-DLP. Файл 1
2026-04-26 16:05:23 - [WARNING] - Скачивание видео отменено до начала загрузки
2026-04-26 16:06:26 - [INFO] - Начинается скачивание через YT-DLP. Файл 1
2026-04-26 16:06:34 - [WARNING] - Скачивание видео отменено до начала загрузки
2026-04-26 16:08:45 - [INFO] - Начинается скачивание через YT-DLP. Файл 1
2026-04-26 16:08:51 - [WARNING] - Скачивание видео отменено до начала загрузки
2026-04-26 16:12:05 - [INFO] - Начинается скачивание через YT-DLP. Файл 1
2026-04-26 16:12:16 - [WARNING] - Скачивание видео отменено до начала загрузки
2026-04-26 16:14:11 - [INFO] - Начинается скачивание через YT-DLP. Файл 1
2026-04-26 16:14:17 - [WARNING] - Скачивание видео отменено до начала загрузки
2026-04-26 16:15:59 - [INFO] - Начинается скачивание через YT-DLP. Файл 1
2026-04-26 16:18:57 - [INFO] - Начинается скачивание через YT-DLP. Файл 1
2026-04-26 16:18:57 - [INFO] - Начинается скачивание через YT-DLP. Файл 2
2026-04-26 16:19:35 - [INFO] - Начинается скачивание через YT-DLP. Файл 1
2026-04-26 16:19:35 - [INFO] - Начинается скачивание через YT-DLP. Файл 2
2026-04-26 18:37:12 - [INFO] - Начинается скачивание через YT-DLP. Файл Railway City FC vs Waterloo United _B_
2026-04-26 18:49:28 - [INFO] - Начинается скачивание через YT-DLP. Файл 1
2026-04-26 18:49:53 - [INFO] - Начинается скачивание через YT-DLP. Файл 1
2026-04-26 18:50:08 - [INFO] - Начинается скачивание через YT-DLP. Файл 1
2026-04-26 18:50:13 - [WARNING] - Скачивание видео отменено до начала загрузки
2026-04-26 18:50:25 - [INFO] - Начинается скачивание через YT-DLP. Файл 1
2026-04-26 18:50:25 - [INFO] - Начинается скачивание через YT-DLP. Файл 2
2026-04-26 20:56:52 - [INFO] - Начинается скачивание через YT-DLP. Файл 0a2c1517-7e0f-47a5-9416-28ddb906432c
2026-04-26 21:01:36 - [INFO] - Начинается скачивание через YT-DLP. Файл 7dcf6d14-b2ed-462b-b128-046872b0b695
2026-04-27 11:10:32 - [INFO] - Начинается скачивание через YT-DLP. Файл Oakville SC vs Woodbridge Strikers
2026-04-27 11:10:53 - [INFO] - Начинается скачивание через YT-DLP. Файл FC London v Whitby FC
2026-04-28 10:23:03 - [INFO] - Начинается скачивание через YT-DLP. Файл 3138a9df-7f3e-494e-8788-d055072e7ff4
2026-04-28 10:26:09 - [INFO] - Начинается скачивание через YT-DLP. Файл Kingston Sentinels v International FC B
2026-04-28 10:29:45 - [INFO] - Начинается скачивание через YT-DLP. Файл a3dd1435-4d44-4982-8aab-5f4167bac468
2026-04-28 10:30:56 - [INFO] - Начинается скачивание через YT-DLP. Файл 45314d07-5fe6-40a1-8264-d2b1a4feec8a
2026-04-28 10:35:13 - [INFO] - Начинается скачивание через YT-DLP. Файл 1bba04e0-8807-440b-87e6-7fd6fb9a8a8b
2026-04-28 10:38:21 - [INFO] - Начинается скачивание через YT-DLP. Файл 7e50873f-ce34-4f79-bece-e80c0093a3cd
2026-04-28 10:38:25 - [INFO] - Начинается скачивание через YT-DLP. Файл 20721afc-b75f-4dd3-b084-7b8dcd39364e
2026-04-28 10:40:16 - [INFO] - Начинается скачивание через YT-DLP. Файл e97de592-ac0c-4a93-8888-c15c28f87a26
2026-04-28 11:13:11 - [INFO] - Начинается скачивание через YT-DLP. Файл 0b243080-65c0-471e-b042-335bf57cfc4a
2026-04-28 15:10:13 - [INFO] - Начинается скачивание через YT-DLP. Файл 366ae818-3f4c-4e09-a3e3-04168fde27b0
2026-04-29 11:47:29 - [INFO] - Начинается скачивание через YT-DLP. Файл 1
2026-04-29 14:56:28 - [INFO] - Начинается скачивание через YT-DLP. Файл Test
2026-04-29 15:18:48 - [INFO] - Начинается скачивание через YT-DLP. Файл Test
2026-04-29 23:35:08 - [INFO] - Начинается скачивание через YT-DLP. Файл Men OPL3 - Pickering Fc v Richmond Hill
2026-04-30 07:42:50 - [INFO] - Начинается скачивание через YT-DLP. Файл 1
2026-04-30 07:50:00 - [INFO] - Начинается скачивание через YT-DLP. Файл OPL3 Men's Division - North Toronto Nitros vs Rush
2026-04-30 11:10:50 - [INFO] - Начинается скачивание через YT-DLP. Файл bdfefe11-f51f-419a-8421-903d6abbd6fa
2026-04-30 17:24:35 - [INFO] - Начинается скачивание через YT-DLP. Файл 1
2026-04-30 17:28:39 - [INFO] - Начинается скачивание через YT-DLP. Файл 1
2026-04-30 17:32:12 - [INFO] - Начинается скачивание через YT-DLP. Файл 1
2026-04-30 18:25:20 - [INFO] - Начинается скачивание через YT-DLP. Файл Women's U20 - Pickering FC v Richmond Hill
2026-04-30 19:49:45 - [INFO] - Начинается скачивание через YT-DLP. Файл 1
2026-05-02 21:16:07 - [INFO] - Начинается скачивание через YT-DLP. Файл 526c0416-1f3b-407d-94e2-57252e635d7d
2026-05-03 09:45:18 - [INFO] - Начинается скачивание через YT-DLP. Файл OPL3 Women's Division – Richmond Hill SC vs North Mississauga SC _B_
2026-05-03 09:48:29 - [INFO] - Начинается скачивание через YT-DLP. Файл 41ea19d6-174c-4883-bf67-dcb6a5f91fd6
2026-05-03 09:51:23 - [INFO] - Начинается скачивание через YT-DLP. Файл 34c9ec7f-f769-4329-8813-b7690363508e
2026-05-03 09:53:43 - [INFO] - Начинается скачивание через YT-DLP. Файл 20442fa8-51d8-42c0-a835-60b85ad613de
2026-05-03 20:35:26 - [INFO] - Начинается скачивание через YT-DLP. Файл 854de918-e505-4b22-9223-39d5cdce06eb
2026-05-03 20:36:08 - [INFO] - Начинается скачивание через YT-DLP. Файл 9b0456ab-2fed-4110-8a1f-1fc58769489d
2026-05-04 10:58:57 - [INFO] - Начинается скачивание через YT-DLP. Файл 3eff2a19-e967-4e9c-bba1-36de0e3f3ee2
2026-05-04 11:06:44 - [INFO] - Начинается скачивание через YT-DLP. Файл OPL3 Men's Division - Cambridge United B vs Railway City F
2026-05-04 11:08:09 - [INFO] - Начинается скачивание через YT-DLP. Файл 24fefb70-09b2-4480-8cc1-f36351cd07cd
2026-05-04 11:12:49 - [INFO] - Начинается скачивание через YT-DLP. Файл 0a908447-ec43-4a75-b433-2f2082ae603b
2026-05-04 11:16:31 - [INFO] - Начинается скачивание через YT-DLP. Файл Men's OPL3 – Kingston Sentinels v Master's FA B
2026-05-04 11:18:54 - [INFO] - Начинается скачивание через YT-DLP. Файл 9b95c859-d322-4f42-aa70-e0753b87e58a
2026-05-04 13:04:34 - [INFO] - Начинается скачивание через YT-DLP. Файл OPL1 Oakville
2026-05-05 11:36:41 - [INFO] - Начинается скачивание через YT-DLP. Файл a9b4dadc-9f4b-4bec-afa2-ad6865d5866c
2026-05-05 12:26:09 - [INFO] - Начинается скачивание через YT-DLP. Файл 83d1125d-04fd-49c0-9082-33d0a02f2d8b
2026-05-05 12:27:31 - [INFO] - Начинается скачивание через YT-DLP. Файл 6c2fcf1d-56e6-4716-b45c-7e2081299c31
2026-05-05 12:30:32 - [INFO] - Начинается скачивание через YT-DLP. Файл Simcoe County Rovers FC U20 vs Richmond Hill SC U20
2026-05-05 12:58:22 - [INFO] - Начинается скачивание через YT-DLP. Файл b4a5631b-76af-45fd-995c-1293606fe372
2026-05-05 13:00:51 - [INFO] - Начинается скачивание через YT-DLP. Файл cb2bdd60-42d5-4d1e-9efd-260b12b3b673
2026-05-05 13:02:01 - [INFO] - Начинается скачивание через YT-DLP. Файл 526c0416-1f3b-407d-94e2-57252e635d7d
2026-05-05 13:04:33 - [INFO] - Начинается скачивание через YT-DLP. Файл 38518dae-7aeb-4ccf-8421-e1a287953ebf
2026-05-07 12:07:37 - [INFO] - Начинается скачивание через YT-DLP. Файл U20 Women OPL - RHSC v Masters FA
